1791285750.179204 # session opened on serial COM10
1791285750.258792 > ver
1791285750.261291 < ok Nordic PCA10059 fw=1.4.0 built=local:Sep-29-2026T11:41:48 proto=1.4 uptime_us=603484875777 dropped=0
1791285750.263241 # script: Cycles
1791285750.263319 > scan start 10000 active=1
1791285750.265868 < +scan t=603484880456 state=started
1791285750.265936 < ok scanning=1 ms=10000
1791285760.266260 < +scan t=603494882247 state=stopped
1791285760.266559 > scan stop
1791285760.269370 < ok scanning=0 sensors=7
1791285760.269467 > list
1791285760.274127 < +sensor t=603494886439 idx=0 addr=15:79:67:27:70:DD type=3 rssi=-54 seen=94 name=
1791285760.276567 < +sensor t=603494886439 idx=1 addr=74:71:AA:74:BC:D1 type=2 rssi=-75 seen=19 name=
1791285760.276640 < +sensor t=603494886439 idx=2 addr=70:83:49:F0:14:46 type=2 rssi=-63 seen=44 name=
1791285760.276684 < +sensor t=603494886439 idx=3 addr=FE:1C:34:B2:58:90 type=1 rssi=-71 seen=4 name=SENS-G3-3045
1791285760.276722 < +sensor t=603494886439 idx=4 addr=E4:69:B9:0F:6B:3C type=1 rssi=-49 seen=5 name=KAPPA_5C314E_V10.00.000
1791285760.276769 < +sensor t=603494886439 idx=5 addr=D1:8D:3B:4C:19:96 type=1 rssi=-56 seen=6 name=KAPPA_5C1712_V11.00.000
1791285760.276806 < +sensor t=603494886439 idx=6 addr=C8:B3:BA:3D:77:2D type=1 rssi=-73 seen=2 name=
1791285760.276842 < ok sensors=7
1791285760.277029 > select D1:8D:3B:4C:19:96/1
1791285760.278214 < ok addr=D1:8D:3B:4C:19:96 type=1 name=KAPPA_5C1712_V11.00.000 known=1
1791285760.278380 > connect timeout=30000
1791285760.281817 < ok connecting=1 addr=D1:8D:3B:4C:19:96 timeout_ms=30000
1791285762.735626 < +conn t=603497351650 addr=D1:8D:3B:4C:19:96 state=linked interval_us=30000
1791285763.007100 < +conn t=603497623196 state=ready interval_us=30000
1791285763.024395 > cmd 52442056455253494f4e timeout=45000
1791285763.067756 < +rx t=603497683496 len=42 data=41434b2052442056455253494f4e203d205631312e30302e303030302d39352d67633035316633363635
1791285763.070283 < ok t_tx=603497641713 t_rx=603497683496 dt_us=41783 interval_us=30000 len=42 data=41434b2052442056455253494f4e203d205631312e30302e303030302d39352d67633035316633363635
1791285763.085320 > uart 45435552455345542048415244
1791285763.087923 < ok len=13 t=603497702602
1791285763.127294 < +rx t=603497743288 len=17 data=41434b2045435552455345542048415244
1791285767.206771 < +disc t=603501822976 reason=0x08
1791285767.207098 > scan start 10000 active=1
1791285767.210410 < +scan t=603501824346 state=started
1791285767.210526 < ok scanning=1 ms=10000
1791285777.209717 < +scan t=603511826155 state=stopped
1791285777.209797 > scan stop
1791285777.212606 < ok scanning=0 sensors=7
1791285777.212680 > list
1791285777.216889 < +sensor t=603511829702 idx=0 addr=15:79:67:27:70:DD type=3 rssi=-54 seen=92 name=
1791285777.216956 < +sensor t=603511829702 idx=1 addr=70:83:49:F0:14:46 type=2 rssi=-64 seen=49 name=
1791285777.216991 < +sensor t=603511829702 idx=2 addr=74:71:AA:74:BC:D1 type=2 rssi=-69 seen=27 name=
1791285777.217022 < +sensor t=603511829702 idx=3 addr=D1:8D:3B:4C:19:96 type=1 rssi=-53 seen=6 name=KAPPA_5C1712_V11.00.000
1791285777.217056 < +sensor t=603511829702 idx=4 addr=C8:B3:BA:3D:77:2D type=1 rssi=-75 seen=2 name=
1791285777.217084 < +sensor t=603511829702 idx=5 addr=FE:1C:34:B2:58:90 type=1 rssi=-69 seen=4 name=SENS-G3-3045
1791285777.217111 < +sensor t=603511829702 idx=6 addr=E4:69:B9:0F:6B:3C type=1 rssi=-56 seen=4 name=KAPPA_5C314E_V10.00.000
1791285777.217137 < ok sensors=7
1791285777.217245 > select D1:8D:3B:4C:19:96/1
1791285777.219819 < ok addr=D1:8D:3B:4C:19:96 type=1 name=KAPPA_5C1712_V11.00.000 known=1
1791285777.219935 > connect timeout=30000
1791285777.222643 < ok connecting=1 addr=D1:8D:3B:4C:19:96 timeout_ms=30000
1791285779.827063 < +conn t=603514443205 addr=D1:8D:3B:4C:19:96 state=linked interval_us=30000
1791285780.098469 < +conn t=603514714747 state=ready interval_us=30000
1791285780.120480 > cmd 52442056455253494f4e timeout=45000
1791285780.159161 < +rx t=603514775046 len=42 data=41434b2052442056455253494f4e203d205631312e30302e303030302d39352d67633035316633363635
1791285780.161644 < ok t_tx=603514737804 t_rx=603514775046 dt_us=37242 interval_us=30000 len=42 data=41434b2052442056455253494f4e203d205631312e30302e303030302d39352d67633035316633363635
1791285780.181730 > uart 45435552455345542048415244
1791285780.184149 < ok len=13 t=603514799086
1791285780.218710 < +rx t=603514834841 len=17 data=41434b2045435552455345542048415244
1791285784.298113 < +disc t=603518914528 reason=0x08
1791285784.298315 > scan start 10000 active=1
1791285784.301517 < +scan t=603518915621 state=started
1791285784.301600 < ok scanning=1 ms=10000
1791285794.300973 < +scan t=603528917429 state=stopped
1791285794.301062 > scan stop
1791285794.303319 < ok scanning=0 sensors=7
1791285794.303375 > list
1791285794.307502 < +sensor t=603528920456 idx=0 addr=70:83:49:F0:14:46 type=2 rssi=-66 seen=45 name=
1791285794.307561 < +sensor t=603528920456 idx=1 addr=15:79:67:27:70:DD type=3 rssi=-58 seen=93 name=
1791285794.307595 < +sensor t=603528920456 idx=2 addr=74:71:AA:74:BC:D1 type=2 rssi=-67 seen=49 name=
1791285794.307626 < +sensor t=603528920456 idx=3 addr=D1:8D:3B:4C:19:96 type=1 rssi=-53 seen=7 name=KAPPA_5C1712_V11.00.000
1791285794.307653 < +sensor t=603528920456 idx=4 addr=C8:B3:BA:3D:77:2D type=1 rssi=-68 seen=6 name=
1791285794.307679 < +sensor t=603528920456 idx=5 addr=E4:69:B9:0F:6B:3C type=1 rssi=-49 seen=9 name=KAPPA_5C314E_V10.00.000
1791285794.307705 < +sensor t=603528920456 idx=6 addr=FE:1C:34:B2:58:90 type=1 rssi=-69 seen=2 name=SENS-G3-3045
1791285794.307731 < ok sensors=7
1791285794.307822 > select D1:8D:3B:4C:19:96/1
1791285794.310148 < ok addr=D1:8D:3B:4C:19:96 type=1 name=KAPPA_5C1712_V11.00.000 known=1
1791285794.310222 > connect timeout=30000
1791285794.311052 < ok connecting=1 addr=D1:8D:3B:4C:19:96 timeout_ms=30000
1791285797.130467 < +conn t=603531746480 addr=D1:8D:3B:4C:19:96 state=linked interval_us=30000
1791285797.281827 < +disc t=603531898177 reason=0x3e
1791285797.281988 > disconnect
1791285797.286081 < err 6 not connected
1791285797.286351 > connect timeout=30000
1791285797.289303 < ok connecting=1 addr=D1:8D:3B:4C:19:96 timeout_ms=30000
1791285798.428932 < +conn t=603533044996 addr=D1:8D:3B:4C:19:96 state=linked interval_us=30000
1791285798.700433 < +conn t=603533316546 state=ready interval_us=30000
1791285798.722030 > cmd 52442056455253494f4e timeout=45000
1791285799.360881 < +rx t=603533976825 len=42 data=41434b2052442056455253494f4e203d205631312e30302e303030302d39352d67633035316633363635
1791285799.363465 < ok t_tx=603533339496 t_rx=603533976825 dt_us=637329 interval_us=30000 len=42 data=41434b2052442056455253494f4e203d205631312e30302e303030302d39352d67633035316633363635
1791285799.390207 > uart 45435552455345542048415244
1791285799.392842 < ok len=13 t=603534007673
1791285799.450322 < +rx t=603534066620 len=17 data=41434b2045435552455345542048415244
1791285803.529958 < +disc t=603538146304 reason=0x08
1791285803.530247 > scan start 10000 active=1
1791285803.534556 < +scan t=603538147646 state=started
1791285803.534663 < ok scanning=1 ms=10000
1791285813.533251 < +scan t=603548149433 state=stopped
1791285813.533436 > scan stop
1791285813.536968 < ok scanning=0 sensors=7
1791285813.537144 > list
1791285813.545280 < +sensor t=603548154385 idx=0 addr=15:79:67:27:70:DD type=3 rssi=-62 seen=88 name=
1791285813.545472 < +sensor t=603548154385 idx=1 addr=D1:8D:3B:4C:19:96 type=1 rssi=-55 seen=8 name=KAPPA_5C1712_V11.00.000
1791285813.545572 < +sensor t=603548154385 idx=2 addr=74:71:AA:74:BC:D1 type=2 rssi=-64 seen=52 name=
1791285813.545659 < +sensor t=603548154385 idx=3 addr=E4:69:B9:0F:6B:3C type=1 rssi=-53 seen=11 name=KAPPA_5C314E_V10.00.000
1791285813.545741 < +sensor t=603548154385 idx=4 addr=70:83:49:F0:14:46 type=2 rssi=-66 seen=46 name=
1791285813.545821 < +sensor t=603548154385 idx=5 addr=C8:B3:BA:3D:77:2D type=1 rssi=-66 seen=5 name=
1791285813.545899 < +sensor t=603548154385 idx=6 addr=FE:1C:34:B2:58:90 type=1 rssi=-75 seen=2 name=SENS-G3-3045
1791285813.545979 < ok sensors=7
1791285813.546236 > select D1:8D:3B:4C:19:96/1
1791285813.549641 < ok addr=D1:8D:3B:4C:19:96 type=1 name=KAPPA_5C1712_V11.00.000 known=1
1791285813.549778 > connect timeout=30000
1791285813.553072 < ok connecting=1 addr=D1:8D:3B:4C:19:96 timeout_ms=30000
1791285816.584085 < +conn t=603551200104 addr=D1:8D:3B:4C:19:96 state=linked interval_us=30000
1791285816.855365 < +conn t=603551471651 state=ready interval_us=30000
1791285816.879362 > cmd 52442056455253494f4e timeout=45000
1791285816.916116 < +rx t=603551531950 len=42 data=41434b2052442056455253494f4e203d205631312e30302e303030302d39352d67633035316633363635
1791285816.919315 < ok t_tx=603551496862 t_rx=603551531950 dt_us=35088 interval_us=30000 len=42 data=41434b2052442056455253494f4e203d205631312e30302e303030302d39352d67633035316633363635
1791285816.941804 > uart 45435552455345542048415244
1791285816.945166 < ok len=13 t=603551559334
1791285816.975650 < +rx t=603551591745 len=17 data=41434b2045435552455345542048415244
1791285821.054881 < +disc t=603555671429 reason=0x08
1791285821.055056 > scan start 10000 active=1
1791285821.057770 < +scan t=603555672474 state=started
1791285821.057815 < ok scanning=1 ms=10000
1791285831.057686 < +scan t=603565674284 state=stopped
1791285831.057780 > scan stop
1791285831.060298 < ok scanning=0 sensors=7
1791285831.060351 > list
1791285831.061901 < +sensor t=603565677583 idx=0 addr=D1:8D:3B:4C:19:96 type=1 rssi=-53 seen=9 name=KAPPA_5C1712_V11.00.000
1791285831.064923 < +sensor t=603565677583 idx=1 addr=15:79:67:27:70:DD type=3 rssi=-63 seen=93 name=
1791285831.064991 < +sensor t=603565677583 idx=2 addr=70:83:49:F0:14:46 type=2 rssi=-63 seen=49 name=
1791285831.065031 < +sensor t=603565677583 idx=3 addr=74:71:AA:74:BC:D1 type=2 rssi=-63 seen=69 name=
1791285831.065065 < +sensor t=603565677583 idx=4 addr=E4:69:B9:0F:6B:3C type=1 rssi=-49 seen=5 name=KAPPA_5C314E_V10.00.000
1791285831.065099 < +sensor t=603565677583 idx=5 addr=C8:B3:BA:3D:77:2D type=1 rssi=-62 seen=5 name=
1791285831.065133 < +sensor t=603565677583 idx=6 addr=FE:1C:34:B2:58:90 type=1 rssi=-69 seen=1 name=SENS-G3-3045
1791285831.065166 < ok sensors=7
1791285831.065280 > select D1:8D:3B:4C:19:96/1
1791285831.068022 < ok addr=D1:8D:3B:4C:19:96 type=1 name=KAPPA_5C1712_V11.00.000 known=1
1791285831.068106 > connect timeout=30000
1791285831.068980 < ok connecting=1 addr=D1:8D:3B:4C:19:96 timeout_ms=30000
1791285834.017476 < +conn t=603568633592 addr=D1:8D:3B:4C:19:96 state=linked interval_us=30000
1791285834.169030 < +disc t=603568785275 reason=0x3e
1791285834.169406 > disconnect
1791285834.173209 < err 6 not connected
1791285834.173588 > connect timeout=30000
1791285834.177470 < ok connecting=1 addr=D1:8D:3B:4C:19:96 timeout_ms=30000
1791285835.313216 < +conn t=603569929303 addr=D1:8D:3B:4C:19:96 state=linked interval_us=30000
1791285835.584607 < +conn t=603570200852 state=ready interval_us=30000
1791285835.609340 > cmd 52442056455253494f4e timeout=45000
1791285836.244987 < +rx t=603570861130 len=42 data=41434b2052442056455253494f4e203d205631312e30302e303030302d39352d67633035316633363635
1791285836.247721 < ok t_tx=603570226925 t_rx=603570861130 dt_us=634205 interval_us=30000 len=42 data=41434b2052442056455253494f4e203d205631312e30302e303030302d39352d67633035316633363635
1791285836.275107 > uart 45435552455345542048415244
1791285836.277708 < ok len=13 t=603570892712
1791285836.334612 < +rx t=603570950924 len=17 data=41434b2045435552455345542048415244
1791285840.414116 < +disc t=603575030611 reason=0x08
1791285840.414613 > scan start 10000 active=1
1791285840.417612 < +scan t=603575032156 state=started
1791285840.417667 < ok scanning=1 ms=10000
1791285850.417721 < +scan t=603585033941 state=stopped
1791285850.417811 > scan stop
1791285850.420287 < ok scanning=0 sensors=7
1791285850.420356 > list
1791285850.424597 < +sensor t=603585037681 idx=0 addr=74:71:AA:74:BC:D1 type=2 rssi=-63 seen=67 name=
1791285850.424663 < +sensor t=603585037681 idx=1 addr=C8:B3:BA:3D:77:2D type=1 rssi=-62 seen=5 name=
1791285850.424697 < +sensor t=603585037681 idx=2 addr=15:79:67:27:70:DD type=3 rssi=-66 seen=92 name=
1791285850.424731 < +sensor t=603585037681 idx=3 addr=70:83:49:F0:14:46 type=2 rssi=-62 seen=45 name=
1791285850.424761 < +sensor t=603585037681 idx=4 addr=FE:1C:34:B2:58:90 type=1 rssi=-69 seen=2 name=SENS-G3-3045
1791285850.424787 < +sensor t=603585037681 idx=5 addr=D1:8D:3B:4C:19:96 type=1 rssi=-53 seen=7 name=KAPPA_5C1712_V11.00.000
1791285850.424813 < +sensor t=603585037681 idx=6 addr=E4:69:B9:0F:6B:3C type=1 rssi=-49 seen=9 name=KAPPA_5C314E_V10.00.000
1791285850.424838 < ok sensors=7
1791285850.424931 > select D1:8D:3B:4C:19:96/1
1791285850.427593 < ok addr=D1:8D:3B:4C:19:96 type=1 name=KAPPA_5C1712_V11.00.000 known=1
1791285850.427686 > connect timeout=30000
1791285850.430319 < ok connecting=1 addr=D1:8D:3B:4C:19:96 timeout_ms=30000
1791285853.285928 < +conn t=603587902369 addr=D1:8D:3B:4C:19:96 state=linked interval_us=30000
1791285853.437299 < +disc t=603588054065 reason=0x3e
1791285853.437390 > disconnect
1791285853.439589 < err 6 not connected
1791285853.439724 > connect timeout=30000
1791285853.442623 < ok connecting=1 addr=D1:8D:3B:4C:19:96 timeout_ms=30000
1791285854.579551 < +conn t=603589196050 addr=D1:8D:3B:4C:19:96 state=linked interval_us=30000
1791285854.850956 < +conn t=603589467604 state=ready interval_us=30000
1791285854.867266 > cmd 52442056455253494f4e timeout=45000
1791285855.511859 < +rx t=603590127879 len=42 data=41434b2052442056455253494f4e203d205631312e30302e303030302d39352d67633035316633363635
1791285855.515139 < ok t_tx=603589484923 t_rx=603590127879 dt_us=642956 interval_us=30000 len=42 data=41434b2052442056455253494f4e203d205631312e30302e303030302d39352d67633035316633363635
1791285855.529213 > uart 45435552455345542048415244
1791285855.532688 < ok len=13 t=603590146976
1791285855.571170 < +rx t=603590187675 len=17 data=41434b2045435552455345542048415244
1791285859.650695 < +disc t=603594267361 reason=0x08
1791285859.650944 > scan start 10000 active=1
1791285859.654400 < +scan t=603594268562 state=started
1791285859.654505 < ok scanning=1 ms=10000
1791285869.653561 < +scan t=603604270374 state=stopped
1791285869.653637 > scan stop
1791285869.655758 < ok scanning=0 sensors=7
1791285869.655819 > list
1791285869.660122 < +sensor t=603604273232 idx=0 addr=15:79:67:27:70:DD type=3 rssi=-63 seen=93 name=
1791285869.660196 < +sensor t=603604273232 idx=1 addr=74:71:AA:74:BC:D1 type=2 rssi=-63 seen=72 name=
1791285869.660231 < +sensor t=603604273232 idx=2 addr=70:83:49:F0:14:46 type=2 rssi=-63 seen=49 name=
1791285869.660261 < +sensor t=603604273232 idx=3 addr=C8:B3:BA:3D:77:2D type=1 rssi=-67 seen=5 name=
1791285869.660289 < +sensor t=603604273232 idx=4 addr=E4:69:B9:0F:6B:3C type=1 rssi=-53 seen=11 name=KAPPA_5C314E_V10.00.000
1791285869.660317 < +sensor t=603604273232 idx=5 addr=D1:8D:3B:4C:19:96 type=1 rssi=-53 seen=7 name=KAPPA_5C1712_V11.00.000
1791285869.660343 < +sensor t=603604273232 idx=6 addr=FE:1C:34:B2:58:90 type=1 rssi=-66 seen=2 name=SENS-G3-3045
1791285869.660370 < ok sensors=7
1791285869.660470 > select D1:8D:3B:4C:19:96/1
1791285869.661260 < ok addr=D1:8D:3B:4C:19:96 type=1 name=KAPPA_5C1712_V11.00.000 known=1
1791285869.661344 > connect timeout=30000
1791285869.662182 < ok connecting=1 addr=D1:8D:3B:4C:19:96 timeout_ms=30000
1791285872.503767 < +conn t=603607120340 addr=D1:8D:3B:4C:19:96 state=linked interval_us=30000
1791285872.655195 < +disc t=603607272035 reason=0x3e
1791285872.655282 > disconnect
1791285872.657794 < err 6 not connected
1791285872.658022 > connect timeout=30000
1791285872.658890 < ok connecting=1 addr=D1:8D:3B:4C:19:96 timeout_ms=30000
1791285873.794061 < +conn t=603608410622 addr=D1:8D:3B:4C:19:96 state=linked interval_us=30000
1791285874.065456 < +conn t=603608682173 state=ready interval_us=30000
1791285874.084559 > cmd 52442056455253494f4e timeout=45000
1791285874.726170 < +rx t=603609342450 len=42 data=41434b2052442056455253494f4e203d205631312e30302e303030302d39352d67633035316633363635
1791285874.728943 < ok t_tx=603608702294 t_rx=603609342450 dt_us=640156 interval_us=30000 len=42 data=41434b2052442056455253494f4e203d205631312e30302e303030302d39352d67633035316633363635
1791285874.743281 > uart 45435552455345542048415244
1791285874.746096 < ok len=13 t=603609361046
1791285874.785672 < +rx t=603609402246 len=17 data=41434b2045435552455345542048415244
1791285878.865105 < +disc t=603613481933 reason=0x08
1791285878.865258 > scan start 10000 active=1
1791285878.868173 < +scan t=603613482928 state=started
1791285878.868213 < ok scanning=1 ms=10000
1791285888.867834 < +scan t=603623484743 state=stopped
1791285888.867918 > scan stop
1791285888.870150 < ok scanning=0 sensors=7
1791285888.870204 > list
1791285888.874430 < +sensor t=603623487682 idx=0 addr=15:79:67:27:70:DD type=3 rssi=-65 seen=93 name=
1791285888.874485 < +sensor t=603623487682 idx=1 addr=74:71:AA:74:BC:D1 type=2 rssi=-64 seen=72 name=
1791285888.874516 < +sensor t=603623487682 idx=2 addr=70:83:49:F0:14:46 type=2 rssi=-63 seen=48 name=
1791285888.874542 < +sensor t=603623487682 idx=3 addr=E4:69:B9:0F:6B:3C type=1 rssi=-56 seen=2 name=KAPPA_5C314E_V10.00.000
1791285888.874569 < +sensor t=603623487682 idx=4 addr=D1:8D:3B:4C:19:96 type=1 rssi=-53 seen=6 name=KAPPA_5C1712_V11.00.000
1791285888.874594 < +sensor t=603623487682 idx=5 addr=C8:B3:BA:3D:77:2D type=1 rssi=-67 seen=5 name=
1791285888.874619 < +sensor t=603623487682 idx=6 addr=FE:1C:34:B2:58:90 type=1 rssi=-69 seen=1 name=SENS-G3-3045
1791285888.874643 < ok sensors=7
1791285888.874738 > select D1:8D:3B:4C:19:96/1
1791285888.877286 < ok addr=D1:8D:3B:4C:19:96 type=1 name=KAPPA_5C1712_V11.00.000 known=1
1791285888.877395 > connect timeout=30000
1791285888.878300 < ok connecting=1 addr=D1:8D:3B:4C:19:96 timeout_ms=30000
1791285891.560114 < +conn t=603626176795 addr=D1:8D:3B:4C:19:96 state=linked interval_us=30000
1791285891.831556 < +conn t=603626448335 state=ready interval_us=30000
1791285891.858015 > cmd 52442056455253494f4e timeout=45000
1791285891.892233 < +rx t=603626508634 len=42 data=41434b2052442056455253494f4e203d205631312e30302e303030302d39352d67633035316633363635
1791285891.894815 < ok t_tx=603626475820 t_rx=603626508634 dt_us=32814 interval_us=30000 len=42 data=41434b2052442056455253494f4e203d205631312e30302e303030302d39352d67633035316633363635
1791285891.920239 > uart 45435552455345542048415244
1791285891.923084 < ok len=13 t=603626538313
1791285891.981795 < +rx t=603626598427 len=17 data=41434b2045435552455345542048415244
1791285896.061153 < +disc t=603630678113 reason=0x08
1791285896.061311 > scan start 10000 active=1
1791285896.063728 < +scan t=603630679074 state=started
1791285896.063770 < ok scanning=1 ms=10000
1791285906.063877 < +scan t=603640680868 state=stopped
1791285906.063944 > scan stop
1791285906.066272 < ok scanning=0 sensors=7
1791285906.066314 > list
1791285906.070715 < +sensor t=603640683874 idx=0 addr=15:79:67:27:70:DD type=3 rssi=-64 seen=94 name=
1791285906.070790 < +sensor t=603640683874 idx=1 addr=70:83:49:F0:14:46 type=2 rssi=-65 seen=49 name=
1791285906.070822 < +sensor t=603640683874 idx=2 addr=74:71:AA:74:BC:D1 type=2 rssi=-65 seen=69 name=
1791285906.070850 < +sensor t=603640683874 idx=3 addr=C8:B3:BA:3D:77:2D type=1 rssi=-63 seen=5 name=
1791285906.070876 < +sensor t=603640683874 idx=4 addr=FE:1C:34:B2:58:90 type=1 rssi=-68 seen=3 name=SENS-G3-3045
1791285906.070903 < +sensor t=603640683874 idx=5 addr=D1:8D:3B:4C:19:96 type=1 rssi=-53 seen=7 name=KAPPA_5C1712_V11.00.000
1791285906.070929 < +sensor t=603640683874 idx=6 addr=E4:69:B9:0F:6B:3C type=1 rssi=-53 seen=6 name=KAPPA_5C314E_V10.00.000
1791285906.070955 < ok sensors=7
1791285906.071047 > select D1:8D:3B:4C:19:96/1
1791285906.071871 < ok addr=D1:8D:3B:4C:19:96 type=1 name=KAPPA_5C1712_V11.00.000 known=1
1791285906.071956 > connect timeout=30000
1791285906.072829 < ok connecting=1 addr=D1:8D:3B:4C:19:96 timeout_ms=30000
1791285908.873914 < +conn t=603643490576 addr=D1:8D:3B:4C:19:96 state=linked interval_us=30000
1791285909.025255 < +disc t=603643642264 reason=0x3e
1791285909.025338 > disconnect
1791285909.027415 < err 6 not connected
1791285909.027542 > connect timeout=30000
1791285909.030325 < ok connecting=1 addr=D1:8D:3B:4C:19:96 timeout_ms=30000
1791285910.169246 < +conn t=603644785693 addr=D1:8D:3B:4C:19:96 state=linked interval_us=30000
1791285910.440328 < +conn t=603645057243 state=ready interval_us=30000
1791285910.460568 > cmd 52442056455253494f4e timeout=45000
1791285911.101056 < +rx t=603645717522 len=42 data=41434b2052442056455253494f4e203d205631312e30302e303030302d39352d67633035316633363635
1791285911.103719 < ok t_tx=603645078447 t_rx=603645717522 dt_us=639075 interval_us=30000 len=42 data=41434b2052442056455253494f4e203d205631312e30302e303030302d39352d67633035316633363635
1791285911.115389 > disconnect
1791285911.117812 < ok
1791285911.160217 < +disc t=603645777203 reason=0x16
1791285911.161641 # session closed
