1791285638.053938 # session opened on serial COM10
1791285638.135441 > ver
1791285638.138358 < ok Nordic PCA10059 fw=1.4.0 built=local:Sep-29-2026T11:41:48 proto=1.4 uptime_us=603372752055 dropped=0
1791285638.138548 > scan start 12000
1791285638.141054 < +scan t=603372755153 state=started
1791285638.141125 < ok scanning=1 ms=12000
1791285650.141099 < +scan t=603384756868 state=stopped
1791285650.141201 > scan stop
1791285650.144129 < ok scanning=0 sensors=5
1791285650.144208 > list
1791285650.144931 < +sensor t=603384760666 idx=0 addr=15:79:67:27:70:DD type=3 rssi=-54 seen=113 name=
1791285650.149186 < +sensor t=603384760666 idx=1 addr=70:83:49:F0:14:46 type=2 rssi=-69 seen=30 name=
1791285650.149240 < +sensor t=603384760666 idx=2 addr=E4:69:B9:0F:6B:3C type=1 rssi=-53 seen=5 name=KAPPA_5C314E_V10.00.000
1791285650.149274 < +sensor t=603384760666 idx=3 addr=D1:8D:3B:4C:19:96 type=1 rssi=-54 seen=7 name=KAPPA_5C1712_V11.00.000
1791285650.149302 < +sensor t=603384760666 idx=4 addr=FE:1C:34:B2:58:90 type=1 rssi=-75 seen=3 name=SENS-G3-3045
1791285650.149329 < ok sensors=5
1791285650.149437 > select D1:8D:3B:4C:19:96/1
1791285650.151937 < ok addr=D1:8D:3B:4C:19:96 type=1 name=KAPPA_5C1712_V11.00.000 known=1
1791285650.152026 > connect timeout=30000
1791285650.154629 < ok connecting=1 addr=D1:8D:3B:4C:19:96 timeout_ms=30000
1791285653.319167 < +conn t=603387934729 addr=D1:8D:3B:4C:19:96 state=linked interval_us=30000
1791285653.470599 < +disc t=603388086422 reason=0x3e
1791285653.470694 > disconnect
1791285653.473027 < err 6 not connected
1791285653.473523 # connection attempt 1 of 3 to D1:8D:3B:4C:19:96 failed to establish (reason 0x3e); trying again
1791285653.473599 > connect timeout=30000
1791285653.476496 < ok connecting=1 addr=D1:8D:3B:4C:19:96 timeout_ms=30000
1791285654.610153 < +conn t=603389225790 addr=D1:8D:3B:4C:19:96 state=linked interval_us=30000
1791285654.881606 < +conn t=603389497339 state=ready interval_us=30000
1791285654.881724 > cmd 52442056455253494f4e timeout=45000
1791285654.942326 < +rx t=603389557638 len=42 data=41434b2052442056455253494f4e203d205631312e30302e303030302d39352d67633035316633363635
1791285654.945000 < ok t_tx=603389498467 t_rx=603389557638 dt_us=59171 interval_us=30000 len=42 data=41434b2052442056455253494f4e203d205631312e30302e303030302d39352d67633035316633363635
1791285654.945113 > uart 45435552455345542048415244
1791285654.947598 < ok len=13 t=603389561892
1791285655.001827 < +rx t=603389617432 len=17 data=41434b2045435552455345542048415244
1791285659.081259 < +disc t=603393697118 reason=0x08
1791285661.082356 > connect timeout=30000
1791285661.085220 < ok connecting=1 addr=D1:8D:3B:4C:19:96 timeout_ms=30000
1791285661.583412 < +conn t=603396199029 addr=D1:8D:3B:4C:19:96 state=linked interval_us=30000
1791285661.854781 < +conn t=603396470571 state=ready interval_us=30000
1791285661.854896 > cmd 52442056455253494f4e timeout=45000
1791285661.915510 < +rx t=603396530872 len=42 data=41434b2052442056455253494f4e203d205631312e30302e303030302d39352d67633035316633363635
1791285661.918083 < ok t_tx=603396471697 t_rx=603396530872 dt_us=59175 interval_us=30000 len=42 data=41434b2052442056455253494f4e203d205631312e30302e303030302d39352d67633035316633363635
1791285661.918190 > uart 45435552455345542048415244
1791285661.920668 < ok len=13 t=603396535063
1791285661.975010 < +rx t=603396590666 len=17 data=41434b2045435552455345542048415244
1791285666.054461 < +disc t=603400670352 reason=0x08
1791285668.054930 > connect timeout=30000
1791285668.057865 < ok connecting=1 addr=D1:8D:3B:4C:19:96 timeout_ms=30000
1791285668.650617 < +conn t=603403266294 addr=D1:8D:3B:4C:19:96 state=linked interval_us=30000
1791285668.922019 < +conn t=603403537841 state=ready interval_us=30000
1791285668.922154 > cmd 52442056455253494f4e timeout=45000
1791285668.982700 < +rx t=603403598141 len=42 data=41434b2052442056455253494f4e203d205631312e30302e303030302d39352d67633035316633363635
1791285668.985328 < ok t_tx=603403538985 t_rx=603403598141 dt_us=59156 interval_us=30000 len=42 data=41434b2052442056455253494f4e203d205631312e30302e303030302d39352d67633035316633363635
1791285668.985493 > uart 45435552455345542048415244
1791285668.987980 < ok len=13 t=603403602338
1791285669.042241 < +rx t=603403657936 len=17 data=41434b2045435552455345542048415244
1791285673.121698 < +disc t=603407737623 reason=0x08
1791285675.122700 > connect timeout=30000
1791285675.125732 < ok connecting=1 addr=D1:8D:3B:4C:19:96 timeout_ms=30000
1791285675.817997 < +conn t=603410433712 addr=D1:8D:3B:4C:19:96 state=linked interval_us=30000
1791285676.089408 < +conn t=603410705250 state=ready interval_us=30000
1791285676.089507 > cmd 52442056455253494f4e timeout=45000
1791285676.150131 < +rx t=603410765551 len=42 data=41434b2052442056455253494f4e203d205631312e30302e303030302d39352d67633035316633363635
1791285676.152956 < ok t_tx=603410706347 t_rx=603410765551 dt_us=59204 interval_us=30000 len=42 data=41434b2052442056455253494f4e203d205631312e30302e303030302d39352d67633035316633363635
1791285676.153044 > uart 45435552455345542048415244
1791285676.155768 < ok len=13 t=603410769925
1791285676.209630 < +rx t=603410825345 len=17 data=41434b2045435552455345542048415244
1791285680.289002 < +disc t=603414905031 reason=0x08
1791285682.289380 > connect timeout=30000
1791285682.292541 < ok connecting=1 addr=D1:8D:3B:4C:19:96 timeout_ms=30000
1791285682.955706 < +conn t=603417571468 addr=D1:8D:3B:4C:19:96 state=linked interval_us=30000
1791285683.227108 < +conn t=603417843008 state=ready interval_us=30000
1791285683.227206 > cmd 52442056455253494f4e timeout=45000
1791285683.287826 < +rx t=603417903307 len=42 data=41434b2052442056455253494f4e203d205631312e30302e303030302d39352d67633035316633363635
1791285683.290481 < ok t_tx=603417844069 t_rx=603417903307 dt_us=59238 interval_us=30000 len=42 data=41434b2052442056455253494f4e203d205631312e30302e303030302d39352d67633035316633363635
1791285683.290579 > uart 45435552455345542048415244
1791285683.293320 < ok len=13 t=603417907477
1791285683.347370 < +rx t=603417963102 len=17 data=41434b2045435552455345542048415244
1791285687.426744 < +disc t=603422042788 reason=0x08
1791285689.427729 > connect timeout=30000
1791285689.430321 < ok connecting=1 addr=D1:8D:3B:4C:19:96 timeout_ms=30000
1791285689.827848 < +conn t=603424443610 addr=D1:8D:3B:4C:19:96 state=linked interval_us=30000
1791285690.099325 < +conn t=603424715148 state=ready interval_us=30000
1791285690.099437 > cmd 52442056455253494f4e timeout=45000
1791285690.159902 < +rx t=603424775449 len=42 data=41434b2052442056455253494f4e203d205631312e30302e303030302d39352d67633035316633363635
1791285690.162392 < ok t_tx=603424716335 t_rx=603424775449 dt_us=59114 interval_us=30000 len=42 data=41434b2052442056455253494f4e203d205631312e30302e303030302d39352d67633035316633363635
1791285690.162510 > uart 45435552455345542048415244
1791285690.165109 < ok len=13 t=603424779522
1791285690.219496 < +rx t=603424835244 len=17 data=41434b2045435552455345542048415244
1791285694.298861 < +disc t=603428914929 reason=0x08
1791285696.299193 > connect timeout=30000
1791285696.302282 < ok connecting=1 addr=D1:8D:3B:4C:19:96 timeout_ms=30000
1791285696.695211 < +conn t=603431311007 addr=D1:8D:3B:4C:19:96 state=linked interval_us=30000
1791285696.966594 < +conn t=603431582547 state=ready interval_us=30000
1791285696.966702 > cmd 52442056455253494f4e timeout=45000
1791285697.027250 < +rx t=603431642847 len=42 data=41434b2052442056455253494f4e203d205631312e30302e303030302d39352d67633035316633363635
1791285697.029861 < ok t_tx=603431583626 t_rx=603431642847 dt_us=59221 interval_us=30000 len=42 data=41434b2052442056455253494f4e203d205631312e30302e303030302d39352d67633035316633363635
1791285697.029941 > uart 45435552455345542048415244
1791285697.032450 < ok len=13 t=603431646898
1791285697.086922 < +rx t=603431702641 len=17 data=41434b2045435552455345542048415244
1791285701.166262 < +disc t=603435782325 reason=0x08
1791285703.167358 > connect timeout=30000
1791285703.170115 < ok connecting=1 addr=D1:8D:3B:4C:19:96 timeout_ms=30000
1791285703.688866 < +conn t=603438304631 addr=D1:8D:3B:4C:19:96 state=linked interval_us=30000
1791285703.960163 < +conn t=603438576183 state=ready interval_us=30000
1791285703.960264 > cmd 52442056455253494f4e timeout=45000
1791285704.020895 < +rx t=603438636482 len=42 data=41434b2052442056455253494f4e203d205631312e30302e303030302d39352d67633035316633363635
1791285704.023557 < ok t_tx=603438577286 t_rx=603438636482 dt_us=59196 interval_us=30000 len=42 data=41434b2052442056455253494f4e203d205631312e30302e303030302d39352d67633035316633363635
1791285704.023673 > uart 45435552455345542048415244
1791285704.026399 < ok len=13 t=603438640670
1791285704.080413 < +rx t=603438696277 len=17 data=41434b2045435552455345542048415244
1791285708.159867 < +disc t=603442775963 reason=0x08
1791285710.160875 > connect timeout=30000
1791285710.163827 < ok connecting=1 addr=D1:8D:3B:4C:19:96 timeout_ms=30000
1791285710.413382 < +conn t=603445029219 addr=D1:8D:3B:4C:19:96 state=linked interval_us=30000
1791285710.684726 < +conn t=603445300769 state=ready interval_us=30000
1791285710.684815 > cmd 52442056455253494f4e timeout=45000
1791285710.745465 < +rx t=603445361067 len=42 data=41434b2052442056455253494f4e203d205631312e30302e303030302d39352d67633035316633363635
1791285710.748245 < ok t_tx=603445301822 t_rx=603445361067 dt_us=59245 interval_us=30000 len=42 data=41434b2052442056455253494f4e203d205631312e30302e303030302d39352d67633035316633363635
1791285710.748373 > uart 45435552455345542048415244
1791285710.750760 < ok len=13 t=603445365455
1791285710.804989 < +rx t=603445420863 len=17 data=41434b2045435552455345542048415244
1791285714.884412 < +disc t=603449500547 reason=0x08
1791285716.885563 > connect timeout=30000
1791285716.888575 < ok connecting=1 addr=D1:8D:3B:4C:19:96 timeout_ms=30000
1791285717.120512 < +conn t=603451736401 addr=D1:8D:3B:4C:19:96 state=linked interval_us=30000
1791285717.421921 < +conn t=603452037951 state=ready interval_us=30000
1791285717.422026 > cmd 52442056455253494f4e timeout=45000
1791285717.482618 < +rx t=603452098248 len=42 data=41434b2052442056455253494f4e203d205631312e30302e303030302d39352d67633035316633363635
1791285717.485269 < ok t_tx=603452039039 t_rx=603452098248 dt_us=59209 interval_us=30000 len=42 data=41434b2052442056455253494f4e203d205631312e30302e303030302d39352d67633035316633363635
1791285717.485360 > uart 45435552455345542048415244
1791285717.487882 < ok len=13 t=603452102468
1791285717.542124 < +rx t=603452158046 len=17 data=41434b2045435552455345542048415244
1791285721.621785 < +disc t=603456237730 reason=0x08
1791285723.622181 # session closed
