1791285995.561122 # session opened on serial COM10
1791285995.637932 > ver
1791285995.640683 < ok Nordic PCA10059 fw=1.4.0 built=local:Sep-29-2026T11:41:48 proto=1.4 uptime_us=603730255976 dropped=0
1791285995.642226 # script: Prefixes
1791285995.642299 > scan start 10000 active=1
1791285995.645083 < +scan t=603730260501 state=started
1791285995.645169 < ok scanning=1 ms=10000
1791286005.644926 < +scan t=603740262295 state=stopped
1791286005.645048 > scan stop
1791286005.647347 < ok scanning=0 sensors=8
1791286005.647433 > list
1791286005.648206 < +sensor t=603740265445 idx=0 addr=15:79:67:27:70:DD type=3 rssi=-65 seen=94 name=
1791286005.652055 < +sensor t=603740265445 idx=1 addr=70:83:49:F0:14:46 type=2 rssi=-63 seen=47 name=
1791286005.652126 < +sensor t=603740265445 idx=2 addr=74:71:AA:74:BC:D1 type=2 rssi=-61 seen=68 name=
1791286005.652161 < +sensor t=603740265445 idx=3 addr=C8:B3:BA:3D:77:2D type=1 rssi=-64 seen=5 name=
1791286005.652190 < +sensor t=603740265445 idx=4 addr=FE:1C:34:B2:58:90 type=1 rssi=-66 seen=4 name=SENS-G3-3045
1791286005.652225 < +sensor t=603740265445 idx=5 addr=5C:C1:D7:44:44:AF type=0 rssi=-77 seen=1 name=
1791286005.652254 < +sensor t=603740265445 idx=6 addr=E4:69:B9:0F:6B:3C type=1 rssi=-49 seen=6 name=KAPPA_5C314E_V10.00.000
1791286005.652282 < +sensor t=603740265445 idx=7 addr=D1:8D:3B:4C:19:96 type=1 rssi=-54 seen=4 name=KAPPA_5C1712_V11.00.000
1791286005.652308 < ok sensors=8
1791286005.652434 > select D1:8D:3B:4C:19:96/1
1791286005.654841 < ok addr=D1:8D:3B:4C:19:96 type=1 name=KAPPA_5C1712_V11.00.000 known=1
1791286005.654919 > connect timeout=30000
1791286005.655821 < ok connecting=1 addr=D1:8D:3B:4C:19:96 timeout_ms=30000
1791286006.622434 < +conn t=603741239574 addr=D1:8D:3B:4C:19:96 state=linked interval_us=30000
1791286006.893886 < +conn t=603741511120 state=ready interval_us=30000
1791286006.915541 > cmd 52442056455253494f4e timeout=5000
1791286007.044586 < +rx t=603741661415 len=42 data=41434b2052442056455253494f4e203d205631312e30302e303030302d39352d67633035316633363635
1791286007.047319 < ok t_tx=603741533854 t_rx=603741661415 dt_us=127561 interval_us=30000 len=42 data=41434b2052442056455253494f4e203d205631312e30302e303030302d39352d67633035316633363635
1791286007.070762 > cmd 52442054454d5045524154555245 timeout=20000
1791286007.134364 < +rx t=603741751299 len=28 data=41434b2052442054454d5045524154555245203d2032313138376d43
1791286007.136832 < ok t_tx=603741689293 t_rx=603741751299 dt_us=62006 interval_us=30000 len=28 data=41434b2052442054454d5045524154555245203d2032313138376d43
1791286007.165335 > cmd 52442042415454455259 timeout=8000
1791286007.254294 < +rx t=603741871254 len=23 data=41434b2052442042415454455259203d20323738396d56
1791286007.256819 < ok t_tx=603741783655 t_rx=603741871254 dt_us=87599 interval_us=30000 len=23 data=41434b2052442042415454455259203d20323738396d56
1791286007.270681 > cmd 5244204944 timeout=2000
1791286007.314172 < +rx t=603741931228 len=20 data=41434b205244204944203d203078354331373132
1791286007.316804 < ok t_tx=603741888910 t_rx=603741931228 dt_us=42318 interval_us=30000 len=20 data=41434b205244204944203d203078354331373132
1791286007.332597 > cmd 5858204e4f5448494e47 timeout=3000
1791286007.374170 < +rx t=603741991229 len=20 data=4e41434b20496e76616c696420436f6d6d616e64
1791286007.376649 < ok t_tx=603741950956 t_rx=603741991229 dt_us=40273 interval_us=30000 len=20 data=4e41434b20496e76616c696420436f6d6d616e64
1791286007.393997 > uart 45435552455345542048415244
1791286007.396760 < ok len=13 t=603742012342
1791286007.434083 < +rx t=603742051200 len=17 data=41434b2045435552455345542048415244
1791286011.513506 < +disc t=603746130884 reason=0x08
1791286011.513675 > scan start 10000 active=1
1791286011.516633 < +scan t=603746131928 state=started
1791286011.516692 < ok scanning=1 ms=10000
1791286021.516282 < +scan t=603756133729 state=stopped
1791286021.516358 > scan stop
1791286021.518868 < ok scanning=0 sensors=7
1791286021.518919 > list
1791286021.523384 < +sensor t=603756136975 idx=0 addr=2F:41:48:8E:B0:CC type=3 rssi=-63 seen=92 name=
1791286021.523510 < +sensor t=603756136975 idx=1 addr=74:71:AA:74:BC:D1 type=2 rssi=-61 seen=70 name=
1791286021.523549 < +sensor t=603756136975 idx=2 addr=70:83:49:F0:14:46 type=2 rssi=-63 seen=45 name=
1791286021.523579 < +sensor t=603756136975 idx=3 addr=D1:8D:3B:4C:19:96 type=1 rssi=-49 seen=6 name=KAPPA_5C1712_V11.00.000
1791286021.523609 < +sensor t=603756136975 idx=4 addr=C8:B3:BA:3D:77:2D type=1 rssi=-67 seen=5 name=
1791286021.523637 < +sensor t=603756136975 idx=5 addr=FE:1C:34:B2:58:90 type=1 rssi=-68 seen=2 name=SENS-G3-3045
1791286021.523672 < +sensor t=603756136975 idx=6 addr=E4:69:B9:0F:6B:3C type=1 rssi=-53 seen=8 name=KAPPA_5C314E_V10.00.000
1791286021.523700 < ok sensors=7
1791286021.523817 > select D1:8D:3B:4C:19:96/1
1791286021.526701 < ok addr=D1:8D:3B:4C:19:96 type=1 name=KAPPA_5C1712_V11.00.000 known=1
1791286021.526778 > connect timeout=30000
1791286021.527732 < ok connecting=1 addr=D1:8D:3B:4C:19:96 timeout_ms=30000
1791286024.247504 < +conn t=603758864715 addr=D1:8D:3B:4C:19:96 state=linked interval_us=30000
1791286024.518928 < +conn t=603759136264 state=ready interval_us=30000
1791286024.532950 > cmd 72642076657273696f6e timeout=5000
1791286024.579651 < +rx t=603759196562 len=42 data=41434b2072642076657273696f6e203d205631312e30302e303030302d39352d67633035316633363635
1791286024.582350 < ok t_tx=603759151339 t_rx=603759196562 dt_us=45223 interval_us=30000 len=42 data=41434b2072642076657273696f6e203d205631312e30302e303030302d39352d67633035316633363635
1791286024.595558 > disconnect
1791286024.597709 < ok
1791286024.638780 < +disc t=603759256246 reason=0x16
1791286024.640729 # session closed
