1791285946.960640 # session opened on serial COM10
1791285947.038419 > ver
1791285947.041033 < ok Nordic PCA10059 fw=1.4.0 built=local:Sep-29-2026T11:41:48 proto=1.4 uptime_us=603681656239 dropped=0
1791285947.042578 # script: Prefixes
1791285947.042658 > scan start 10000 active=1
1791285947.045185 < +scan t=603681660655 state=started
1791285947.045259 < ok scanning=1 ms=10000
1791285957.045328 < +scan t=603691662459 state=stopped
1791285957.045448 > scan stop
1791285957.047687 < ok scanning=0 sensors=6
1791285957.047773 > list
1791285957.051993 < +sensor t=603691665580 idx=0 addr=15:79:67:27:70:DD type=3 rssi=-63 seen=92 name=
1791285957.054113 < +sensor t=603691665580 idx=1 addr=74:71:AA:74:BC:D1 type=2 rssi=-66 seen=68 name=
1791285957.054164 < +sensor t=603691665580 idx=2 addr=70:83:49:F0:14:46 type=2 rssi=-66 seen=47 name=
1791285957.054204 < +sensor t=603691665580 idx=3 addr=E4:69:B9:0F:6B:3C type=1 rssi=-53 seen=6 name=KAPPA_5C314E_V10.00.000
1791285957.054243 < +sensor t=603691665580 idx=4 addr=C8:B3:BA:3D:77:2D type=1 rssi=-66 seen=5 name=
1791285957.054270 < +sensor t=603691665580 idx=5 addr=D1:8D:3B:4C:19:96 type=1 rssi=-53 seen=6 name=KAPPA_5C1712_V11.00.000
1791285957.054305 < ok sensors=6
1791285957.054430 > select D1:8D:3B:4C:19:96/1
1791285957.057176 < ok addr=D1:8D:3B:4C:19:96 type=1 name=KAPPA_5C1712_V11.00.000 known=1
1791285957.057319 > connect timeout=30000
1791285957.058252 < ok connecting=1 addr=D1:8D:3B:4C:19:96 timeout_ms=30000
1791285957.570888 < +conn t=603692187819 addr=D1:8D:3B:4C:19:96 state=linked interval_us=30000
1791285957.842340 < +conn t=603692459359 state=ready interval_us=30000
1791285957.860872 > cmd 52442056455253494f4e timeout=5000
1791285957.903064 < +rx t=603692519658 len=42 data=41434b2052442056455253494f4e203d205631312e30302e303030302d39352d67633035316633363635
1791285957.905727 < ok t_tx=603692478958 t_rx=603692519658 dt_us=40700 interval_us=30000 len=42 data=41434b2052442056455253494f4e203d205631312e30302e303030302d39352d67633035316633363635
1791285957.923088 > cmd 52442054454d5045524154555245 timeout=25000
1791285957.962719 < +rx t=603692579542 len=28 data=41434b2052442054454d5045524154555245203d2032313235306d43
1791285957.965089 < ok t_tx=603692541306 t_rx=603692579542 dt_us=38236 interval_us=30000 len=28 data=41434b2052442054454d5045524154555245203d2032313235306d43
1791285957.987130 > cmd 52442042415454455259 timeout=8000
1791285958.052636 < +rx t=603692669498 len=23 data=41434b2052442042415454455259203d20323739386d56
1791285958.054803 < ok t_tx=603692605226 t_rx=603692669498 dt_us=64272 interval_us=30000 len=23 data=41434b2052442042415454455259203d20323739386d56
1791285958.076373 > cmd 5244204944 timeout=2000
1791285958.112638 < +rx t=603692729474 len=20 data=41434b205244204944203d203078354331373132
1791285958.114795 < ok t_tx=603692694362 t_rx=603692729474 dt_us=35112 interval_us=30000 len=20 data=41434b205244204944203d203078354331373132
1791285958.137633 > cmd 5858204e4f5448494e47 timeout=4000
1791285958.172565 < +rx t=603692789471 len=20 data=4e41434b20496e76616c696420436f6d6d616e64
1791285958.174805 < ok t_tx=603692755735 t_rx=603692789471 dt_us=33736 interval_us=30000 len=20 data=4e41434b20496e76616c696420436f6d6d616e64
1791285958.199317 > uart 45435552455345542048415244
1791285958.202110 < ok len=13 t=603692817584
1791285958.262540 < +rx t=603692879443 len=17 data=41434b2045435552455345542048415244
1791285962.342343 < +disc t=603696959127 reason=0x08
1791285962.342527 > scan start 10000 active=1
1791285962.345216 < +scan t=603696960574 state=started
1791285962.345289 < ok scanning=1 ms=10000
1791285972.345156 < +scan t=603706962382 state=stopped
1791285972.345243 > scan stop
1791285972.347520 < ok scanning=0 sensors=6
1791285972.347585 > list
1791285972.351616 < +sensor t=603706965443 idx=0 addr=D1:8D:3B:4C:19:96 type=1 rssi=-53 seen=8 name=KAPPA_5C1712_V11.00.000
1791285972.351683 < +sensor t=603706965443 idx=1 addr=15:79:67:27:70:DD type=3 rssi=-66 seen=94 name=
1791285972.351714 < +sensor t=603706965443 idx=2 addr=70:83:49:F0:14:46 type=2 rssi=-63 seen=42 name=
1791285972.351806 < +sensor t=603706965443 idx=3 addr=74:71:AA:74:BC:D1 type=2 rssi=-66 seen=69 name=
1791285972.351839 < +sensor t=603706965443 idx=4 addr=C8:B3:BA:3D:77:2D type=1 rssi=-66 seen=5 name=
1791285972.351866 < +sensor t=603706965443 idx=5 addr=E4:69:B9:0F:6B:3C type=1 rssi=-50 seen=3 name=KAPPA_5C314E_V10.00.000
1791285972.351892 < ok sensors=6
1791285972.351997 > select D1:8D:3B:4C:19:96/1
1791285972.355573 < ok addr=D1:8D:3B:4C:19:96 type=1 name=KAPPA_5C1712_V11.00.000 known=1
1791285972.355697 > connect timeout=30000
1791285972.356607 < ok connecting=1 addr=D1:8D:3B:4C:19:96 timeout_ms=30000
1791285975.248794 < +conn t=603709865764 addr=D1:8D:3B:4C:19:96 state=linked interval_us=30000
1791285975.550215 < +conn t=603710167313 state=ready interval_us=30000
1791285975.576788 > cmd 72642076657273696f6e timeout=5000
1791285975.610916 < +rx t=603710227610 len=42 data=41434b2072642076657273696f6e203d205631312e30302e303030302d39352d67633035316633363635
1791285975.613506 < ok t_tx=603710194960 t_rx=603710227610 dt_us=32650 interval_us=30000 len=42 data=41434b2072642076657273696f6e203d205631312e30302e303030302d39352d67633035316633363635
1791285975.637502 > disconnect
1791285975.640106 < ok
1791285975.670030 < +disc t=603710287295 reason=0x16
1791285975.671403 # session closed
